// Jest Snapshot v1, https://goo.gl/fbAQLP

exports[`a subscribe modal renders correctly 1`] = `
Object {
  "asFragment": [Function],
  "baseElement": @keyframes animation-0 {
  0% {
    display: none;
    opacity: 0;
  }

  1% {
    display: block;
    opacity: 0;
  }

  100% {
    display: block;
    opacity: 1;
  }
}

.emotion-0 {
  position: relative;
  min-height: 100vh;
  --background-color: hsla(0,0%,0%,0.7);
  background-color: hsla(0,0%,0%,0.7);
  -webkit-animation: animation-0 400ms;
  animation: animation-0 400ms;
  bottom: 0;
  display: block;
  left: 0;
  opacity: 1;
  overflow: hidden;
  position: fixed;
  right: 0;
  top: 0;
  -webkit-transition: opacity 400ms 200ms;
  transition: opacity 400ms 200ms;
  z-index: 6000;
}

.emotion-3 {
  -webkit-appearance: none;
  -moz-appearance: none;
  appearance: none;
  background: transparent;
  border: none;
  box-sizing: border-box;
  color: inherit;
  cursor: pointer;
  display: -webkit-box;
  display: -webkit-flex;
  display: -ms-flexbox;
  display: flex;
  font: inherit;
  -webkit-letter-spacing: .24em;
  -moz-letter-spacing: .24em;
  -ms-letter-spacing: .24em;
  letter-spacing: .24em;
  line-height: 4rem;
  margin: 0;
  max-height: 4.4rem;
  opacity: 1;
  overflow: hidden;
  padding: 0;
  text-transform: uppercase;
  -webkit-transition-property: opacity;
  transition-property: opacity;
  width: auto;
  -moz-osx-font-smoothing: inherit;
  -webkit-appearance: none;
  -moz-appearance: none;
  appearance: none;
  -webkit-font-smoothing: inherit;
  -webkit-backface-visibility: hidden;
  background-color: transparent;
  border: 0.2rem solid #FFFFFF;
  color: #FFFFFF;
  font-family: GT Pressura Web,Arial Narrow,Arial,sans-serif;
  font-size: 1.2rem;
  -webkit-transition-duration: 400ms;
  transition-duration: 400ms;
  -webkit-transition-timing-function: cubic-bezier(0.390,0.575,0.565,1.000);
  transition-timing-function: cubic-bezier(0.390,0.575,0.565,1.000);
  border: 0;
  display: -webkit-box;
  display: -webkit-flex;
  display: -ms-flexbox;
  display: flex;
  height: 4rem;
  margin: 0.5rem 0.5em 0.5rem auto;
  max-height: 4rem;
  max-width: 4rem;
  position: -webkit-sticky;
  position: sticky;
  top: 0.5rem;
  width: 4rem;
  z-index: 6000;
}

.emotion-3:active {
  outline: 0;
}

.emotion-3:hover {
  opacity: 0.75;
}

.emotion-3[disabled] {
  cursor: not-allowed;
  opacity: .5;
}

.emotion-3 svg {
  width: 4rem;
  height: 4rem;
}

.emotion-3 svg {
  fill: transparent;
  height: 4rem;
  stroke-width: 5;
  stroke: #FFFFFF;
  width: 4rem;
  padding: 0.5rem;
}

.emotion-7 {
  margin-left: auto;
  margin-right: auto;
  padding-left: 3rem;
  padding-right: 3rem;
  position: relative;
  padding-bottom: 2rem;
  padding-top: 2rem;
}

@media screen and (min-width:992px) {
  .emotion-7 {
    padding-left: 9.5vw;
    padding-right: 9.5vw;
  }
}

@media screen and (min-width:992px) {
  .emotion-7 {
    padding-bottom: 2.9297rem;
    padding-top: 2.9297rem;
  }
}

.emotion-9 {
  background-color: #3150A2;
  height: calc(90vh - 6rem);
  margin: 0 auto;
  position: relative;
  width: 100%;
}

@media screen and (min-width:768px) {
  .emotion-9 {
    height: 60rem;
    width: 60rem;
    border-radius: 100%;
  }
}

.emotion-11 {

  display: -webkit-box;
  display: -webkit-flex;
  display: -ms-flexbox;
  display: flex;
  -webkit-flex-direction: column;
  -ms-flex-direction: column;
  flex-direction: column;
  height: inherit;
  -webkit-box-pack: center;
  -webkit-justify-content: center;
  -ms-flex-pack: center;
  justify-content: center;
  left: 50%;
  position: absolute;
  text-align: center;
  -webkit-transform: translateX(-50%);
  -ms-transform: translateX(-50%);
  transform: translateX(-50%);
  width: 100%;
}

@media screen and (min-width:768px) {
  .emotion-11 {
    top: 50%;
    -webkit-transform: translate(-50%,-50%);
    -ms-transform: translate(-50%,-50%);
    transform: translate(-50%,-50%);
    height: 50rem;
    width: 50rem;
  }
}

.emotion-13 {
  margin: 0 auto;
  width: 50%;
  padding: 2rem 0;
}

@media screen and (min-width:768px) {
  .emotion-13 {
    width: 12rem;
  }
}

.emotion-15 {
  display: block;
  padding-top: 100%;
  position: relative;
}

.emotion-15>img {
  bottom: 0;
  height: 100%;
  left: 0;
  position: absolute;
  right: 0;
  top: 0;
  width: 100%;
}

.emotion-17 {
  font-family: Canela Web,Big Caslon,Times New Roman,Times,serif;
  font-size: 2.9297rem;
  color: #FFFFFF;
}

.emotion-19 {
  font-family: GT Walsheim Web,Helvetica,Trebuchet MS,sans-serif;
  font-size: 1.5rem;
  color: #FFFFFF;
  padding: 1rem 2rem;
}

.emotion-21 {
  color: #F9BEC4;
}

.emotion-23 {
  font-family: GT Walsheim Web,Helvetica,Trebuchet MS,sans-serif;
  font-size: 1.2rem;
  color: #FFFFFF;
  padding: 1rem 2rem;
}

.emotion-25 {
  position: relative;
  margin: 4rem 2rem;
  min-height: 6.5rem;
}

.emotion-28 {
  display: -webkit-box;
  display: -webkit-flex;
  display: -ms-flexbox;
  display: flex;
  -webkit-flex-flow: column-reverse;
  -ms-flex-flow: column-reverse;
  flex-flow: column-reverse;
  position: relative;
}

.emotion-28>span {
  -webkit-order: -1;
  -ms-flex-order: -1;
  order: -1;
}

.emotion-28>input {
  z-index: 2;
}

.emotion-28 .emotion-34 {
  color: #FFFFFF;
}

.emotion-28 input::-webkit-input-placeholder {
  opacity: 0;
  -webkit-transition: inherit;
  transition: inherit;
}

.emotion-28 input::-moz-placeholder {
  opacity: 0;
  -webkit-transition: inherit;
  transition: inherit;
}

.emotion-28 .emotion-34,
.emotion-28 input {
  touch-action: manipulation;
  -webkit-transition: all 200ms;
  transition: all 200ms;
}

.emotion-28 input:placeholder-shown~.emotion-34 {
  -webkit-transform: translate(0,2.8rem);
  -ms-transform: translate(0,2.8rem);
  transform: translate(0,2.8rem);
}

.emotion-28 input:focus::-webkit-input-placeholder {
  opacity: 1;
}

.emotion-28 input:focus::-moz-placeholder {
  opacity: 1;
}

.emotion-28 input:not(:placeholder-shown)~.emotion-34,
.emotion-28 input:focus~.emotion-34 {
  color: #FFFFFF;
  -webkit-transform: translate(0,0.75rem);
  -ms-transform: translate(0,0.75rem);
  transform: translate(0,0.75rem);
}

.emotion-28>label {
  position: absolute;
  top: -1rem;
  -webkit-letter-spacing: 0.24em;
  -moz-letter-spacing: 0.24em;
  -ms-letter-spacing: 0.24em;
  letter-spacing: 0.24em;
  text-transform: uppercase;
}

.emotion-31 {
  -webkit-appearance: none;
  -moz-appearance: none;
  appearance: none;
  border-radius: 0;
  background: transparent;
  border-bottom: 1px solid #FAEFD9;
  box-sizing: border-box;
  color: #FFFFFF;
  font-family: GT Pressura Web,Arial Narrow,Arial,sans-serif;
  font-size: 1.2rem;
  height: 4.4rem;
  -webkit-letter-spacing: 0.24em;
  -moz-letter-spacing: 0.24em;
  -ms-letter-spacing: 0.24em;
  letter-spacing: 0.24em;
  width: 100%;
  outline: 0;
  padding: 0;
  width: 100%;
}

.emotion-31::-webkit-input-placeholder {
  color: #FFFFFF;
  text-transform: uppercase;
}

.emotion-31::-moz-placeholder {
  color: #FFFFFF;
  text-transform: uppercase;
}

.emotion-31:-ms-input-placeholder {
  color: #FFFFFF;
  text-transform: uppercase;
}

.emotion-31::placeholder {
  color: #FFFFFF;
  text-transform: uppercase;
}

@media (max-width:992px) {
  .emotion-31:focus {
    font-size: 16px;
  }
}

.emotion-33 {
  font-family: GT Pressura Web,Arial Narrow,Arial,sans-serif;
  font-size: 1.2rem;
  line-height: 1;
  z-index: 1;
}

.emotion-36 {
  -webkit-appearance: none;
  -moz-appearance: none;
  appearance: none;
  background: transparent;
  border: none;
  box-sizing: border-box;
  color: inherit;
  cursor: pointer;
  display: -webkit-box;
  display: -webkit-flex;
  display: -ms-flexbox;
  display: flex;
  font: inherit;
  -webkit-letter-spacing: .24em;
  -moz-letter-spacing: .24em;
  -ms-letter-spacing: .24em;
  letter-spacing: .24em;
  line-height: 4rem;
  margin: 0;
  max-height: 4.4rem;
  opacity: 1;
  overflow: hidden;
  padding: 0;
  text-transform: uppercase;
  -webkit-transition-property: opacity;
  transition-property: opacity;
  width: auto;
  -moz-osx-font-smoothing: inherit;
  -webkit-appearance: none;
  -moz-appearance: none;
  appearance: none;
  -webkit-font-smoothing: inherit;
  -webkit-backface-visibility: hidden;
  background-color: #3150A2;
  border: 0.2rem solid #3150A2;
  color: #FFFFFF;
  font-family: GT Pressura Web,Arial Narrow,Arial,sans-serif;
  font-size: 1.2rem;
  -webkit-transition-duration: 400ms;
  transition-duration: 400ms;
  -webkit-transition-timing-function: cubic-bezier(0.390,0.575,0.565,1.000);
  transition-timing-function: cubic-bezier(0.390,0.575,0.565,1.000);
  border: 0;
  height: 32px;
  overflow: visible;
  position: absolute;
  right: 0;
  top: 6px;
  width: 32px;
  z-index: 2;
}

.emotion-36:active {
  outline: 0;
}

.emotion-36:hover {
  opacity: 0.75;
}

.emotion-36[disabled] {
  cursor: not-allowed;
  opacity: .5;
}

.emotion-36 svg {
  width: 4rem;
  height: 4rem;
}

.emotion-36 svg {
  fill: transparent;
  height: 27px;
  stroke-width: 4;
  stroke: #fff;
  width: 27px;
}

.emotion-36 svg path {
  -webkit-transform: translate3d(0,0,0);
  -ms-transform: translate3d(0,0,0);
  transform: translate3d(0,0,0);
}

.emotion-36:hover:not(:disabled) svg path {
  -webkit-animation: arrow-head;
  animation: arrow-head;
  -webkit-animation-duration: 600ms;
  animation-duration: 600ms;
  -webkit-animation-timing-function: cubic-bezier(0.15,0.8,0.3,1.2);
  animation-timing-function: cubic-bezier(0.15,0.8,0.3,1.2);
  -webkit-animation-delay: 0s;
  animation-delay: 0s;
  -webkit-animation-iteration-count: 1;
  animation-iteration-count: 1;
  -webkit-animation-direction: normal;
  animation-direction: normal;
  -webkit-animation-fill-mode: forwards;
  animation-fill-mode: forwards;
  -webkit-animation-play-state: running;
  animation-play-state: running;
}

.emotion-36:disabled {
  opacity: 1;
}

<body
    style="overflow-y: hidden;"
  >
    <div>
      <main
        class="emotion-0 emotion-1"
        data-test-id="Component"
        style="overflow: auto;"
      >
        <button
          aria-label="close modal"
          class="emotion-2 emotion-3 emotion-4"
          id="close-modal"
          type="button"
        >
          <svg
            class="emotion-5 emotion-6"
            data-test-id="Icon"
          />
        </button>
        <div
          class="emotion-7 emotion-8"
          data-test-id="Content"
        >
          <section
            class="emotion-9 emotion-10"
            data-test-id="SubscribePrompt"
          >
            <div
              class="emotion-11 emotion-12"
            >
              <div
                class="emotion-13 emotion-14"
              >
                <figure
                  class="emotion-15 emotion-16"
                >
                  <img
                    alt="Boy holding oversized envelope"
                    src="https://assets.stg.env.maisonette.com/images/email-subscription.png"
                    srcset="
                        https://assets.stg.env.maisonette.com/images/email-subscription-2x.png 2x,
                        https://assets.stg.env.maisonette.com/images/email-subscription-3x.png 3x
                      "
                  />
                </figure>
              </div>
              <h1
                class="emotion-17 emotion-18"
              >
                Let's Be Email Buddies
              </h1>
              <p
                class="emotion-19 emotion-20"
              >
                Sign up now to get
                <span
                  class="emotion-21 emotion-22"
                >
                   10% off your first order*
                </span>
                , curated edits, first access to sales, and content roundups from LeScoop.
              </p>
              <p
                class="emotion-23 emotion-20"
              >
                *When you spend $75+, Exclusions Apply
              </p>
              <form
                action="#"
                data-test-id="SubscribeListInput"
              >
                <div
                  class="emotion-25 emotion-26"
                >
                  <div
                    class=" emotion-27 emotion-28 emotion-29"
                    data-test-id="InputWrapper"
                  >
                    <input
                      autocomplete="email"
                      class="emotion-30 emotion-31 emotion-32"
                      data-test-id="InputEmail"
                      id="subscribe-list-email"
                      name="email"
                      placeholder=" "
                      type="email"
                      value=""
                    />
                    <label
                      class="emotion-33 emotion-34"
                      for="subscribe-list-email"
                    >
                      Email Address
                    </label>
                  </div>
                  <button
                    aria-label="submit join subscribe list"
                    class="emotion-35 emotion-36 emotion-4"
                    type="submit"
                  >
                    <svg
                      class="emotion-5 emotion-39"
                      data-test-id="Icon"
                    />
                  </button>
                </div>
              </form>
            </div>
          </section>
        </div>
      </main>
    </div>
  </body>,
  "container": @keyframes animation-0 {
  0% {
    display: none;
    opacity: 0;
  }

  1% {
    display: block;
    opacity: 0;
  }

  100% {
    display: block;
    opacity: 1;
  }
}

.emotion-0 {
  position: relative;
  min-height: 100vh;
  --background-color: hsla(0,0%,0%,0.7);
  background-color: hsla(0,0%,0%,0.7);
  -webkit-animation: animation-0 400ms;
  animation: animation-0 400ms;
  bottom: 0;
  display: block;
  left: 0;
  opacity: 1;
  overflow: hidden;
  position: fixed;
  right: 0;
  top: 0;
  -webkit-transition: opacity 400ms 200ms;
  transition: opacity 400ms 200ms;
  z-index: 6000;
}

.emotion-3 {
  -webkit-appearance: none;
  -moz-appearance: none;
  appearance: none;
  background: transparent;
  border: none;
  box-sizing: border-box;
  color: inherit;
  cursor: pointer;
  display: -webkit-box;
  display: -webkit-flex;
  display: -ms-flexbox;
  display: flex;
  font: inherit;
  -webkit-letter-spacing: .24em;
  -moz-letter-spacing: .24em;
  -ms-letter-spacing: .24em;
  letter-spacing: .24em;
  line-height: 4rem;
  margin: 0;
  max-height: 4.4rem;
  opacity: 1;
  overflow: hidden;
  padding: 0;
  text-transform: uppercase;
  -webkit-transition-property: opacity;
  transition-property: opacity;
  width: auto;
  -moz-osx-font-smoothing: inherit;
  -webkit-appearance: none;
  -moz-appearance: none;
  appearance: none;
  -webkit-font-smoothing: inherit;
  -webkit-backface-visibility: hidden;
  background-color: transparent;
  border: 0.2rem solid #FFFFFF;
  color: #FFFFFF;
  font-family: GT Pressura Web,Arial Narrow,Arial,sans-serif;
  font-size: 1.2rem;
  -webkit-transition-duration: 400ms;
  transition-duration: 400ms;
  -webkit-transition-timing-function: cubic-bezier(0.390,0.575,0.565,1.000);
  transition-timing-function: cubic-bezier(0.390,0.575,0.565,1.000);
  border: 0;
  display: -webkit-box;
  display: -webkit-flex;
  display: -ms-flexbox;
  display: flex;
  height: 4rem;
  margin: 0.5rem 0.5em 0.5rem auto;
  max-height: 4rem;
  max-width: 4rem;
  position: -webkit-sticky;
  position: sticky;
  top: 0.5rem;
  width: 4rem;
  z-index: 6000;
}

.emotion-3:active {
  outline: 0;
}

.emotion-3:hover {
  opacity: 0.75;
}

.emotion-3[disabled] {
  cursor: not-allowed;
  opacity: .5;
}

.emotion-3 svg {
  width: 4rem;
  height: 4rem;
}

.emotion-3 svg {
  fill: transparent;
  height: 4rem;
  stroke-width: 5;
  stroke: #FFFFFF;
  width: 4rem;
  padding: 0.5rem;
}

.emotion-7 {
  margin-left: auto;
  margin-right: auto;
  padding-left: 3rem;
  padding-right: 3rem;
  position: relative;
  padding-bottom: 2rem;
  padding-top: 2rem;
}

@media screen and (min-width:992px) {
  .emotion-7 {
    padding-left: 9.5vw;
    padding-right: 9.5vw;
  }
}

@media screen and (min-width:992px) {
  .emotion-7 {
    padding-bottom: 2.9297rem;
    padding-top: 2.9297rem;
  }
}

.emotion-9 {
  background-color: #3150A2;
  height: calc(90vh - 6rem);
  margin: 0 auto;
  position: relative;
  width: 100%;
}

@media screen and (min-width:768px) {
  .emotion-9 {
    height: 60rem;
    width: 60rem;
    border-radius: 100%;
  }
}

.emotion-11 {
  display: -webkit-box;
  display: -webkit-flex;
  display: -ms-flexbox;
  display: flex;
  -webkit-flex-direction: column;
  -ms-flex-direction: column;
  flex-direction: column;
  height: inherit;
  -webkit-box-pack: center;
  -webkit-justify-content: center;
  -ms-flex-pack: center;
  justify-content: center;
  left: 50%;
  position: absolute;
  text-align: center;
  -webkit-transform: translateX(-50%);
  -ms-transform: translateX(-50%);
  transform: translateX(-50%);
  width: 100%;
}

@media screen and (min-width:768px) {
  .emotion-11 {
    top: 50%;
    -webkit-transform: translate(-50%,-50%);
    -ms-transform: translate(-50%,-50%);
    transform: translate(-50%,-50%);
    height: 50rem;
    width: 50rem;
  }
}

.emotion-13 {
  margin: 0 auto;
  width: 50%;
  padding: 2rem 0;
}

@media screen and (min-width:768px) {
  .emotion-13 {
    width: 12rem;
  }
}

.emotion-15 {
  display: block;
  padding-top: 100%;
  position: relative;
}

.emotion-15>img {
  bottom: 0;
  height: 100%;
  left: 0;
  position: absolute;
  right: 0;
  top: 0;
  width: 100%;
}

.emotion-17 {
  font-family: Canela Web,Big Caslon,Times New Roman,Times,serif;
  font-size: 2.9297rem;
  color: #FFFFFF;
}

.emotion-19 {
  font-family: GT Walsheim Web,Helvetica,Trebuchet MS,sans-serif;
  font-size: 1.5rem;
  color: #FFFFFF;
  padding: 1rem 2rem;
}

.emotion-21 {
  color: #F9BEC4;
}

.emotion-23 {
  font-family: GT Walsheim Web,Helvetica,Trebuchet MS,sans-serif;
  font-size: 1.2rem;
  color: #FFFFFF;
  padding: 1rem 2rem;
}

.emotion-25 {
  position: relative;
  margin: 4rem 2rem;
  min-height: 6.5rem;
}

.emotion-28 {
  display: -webkit-box;
  display: -webkit-flex;
  display: -ms-flexbox;
  display: flex;
  -webkit-flex-flow: column-reverse;
  -ms-flex-flow: column-reverse;
  flex-flow: column-reverse;
  position: relative;
}

.emotion-28>span {
  -webkit-order: -1;
  -ms-flex-order: -1;
  order: -1;
}

.emotion-28>input {
  z-index: 2;
}

.emotion-28 .emotion-34 {
  color: #FFFFFF;
}

.emotion-28 input::-webkit-input-placeholder {
  opacity: 0;
  -webkit-transition: inherit;
  transition: inherit;
}

.emotion-28 input::-moz-placeholder {
  opacity: 0;
  -webkit-transition: inherit;
  transition: inherit;
}

.emotion-28 .emotion-34,
.emotion-28 input {
  touch-action: manipulation;
  -webkit-transition: all 200ms;
  transition: all 200ms;
}

.emotion-28 input:placeholder-shown~.emotion-34 {
  -webkit-transform: translate(0,2.8rem);
  -ms-transform: translate(0,2.8rem);
  transform: translate(0,2.8rem);
}

.emotion-28 input:focus::-webkit-input-placeholder {
  opacity: 1;
}

.emotion-28 input:focus::-moz-placeholder {
  opacity: 1;
}

.emotion-28 input:not(:placeholder-shown)~.emotion-34,
.emotion-28 input:focus~.emotion-34 {
  color: #FFFFFF;
  -webkit-transform: translate(0,0.75rem);
  -ms-transform: translate(0,0.75rem);
  transform: translate(0,0.75rem);
}

.emotion-28>label {
  position: absolute;
  top: -1rem;
  -webkit-letter-spacing: 0.24em;
  -moz-letter-spacing: 0.24em;
  -ms-letter-spacing: 0.24em;
  letter-spacing: 0.24em;
  text-transform: uppercase;
}

.emotion-31 {
  -webkit-appearance: none;
  -moz-appearance: none;
  appearance: none;
  border-radius: 0;
  background: transparent;
  border-bottom: 1px solid #FAEFD9;
  box-sizing: border-box;
  color: #FFFFFF;
  font-family: GT Pressura Web,Arial Narrow,Arial,sans-serif;
  font-size: 1.2rem;
  height: 4.4rem;
  -webkit-letter-spacing: 0.24em;
  -moz-letter-spacing: 0.24em;
  -ms-letter-spacing: 0.24em;
  letter-spacing: 0.24em;
  width: 100%;
  outline: 0;
  padding: 0;
  width: 100%;
}

.emotion-31::-webkit-input-placeholder {
  color: #FFFFFF;
  text-transform: uppercase;
}

.emotion-31::-moz-placeholder {
  color: #FFFFFF;
  text-transform: uppercase;
}

.emotion-31:-ms-input-placeholder {
  color: #FFFFFF;
  text-transform: uppercase;
}

.emotion-31::placeholder {
  color: #FFFFFF;
  text-transform: uppercase;
}

@media (max-width:992px) {
  .emotion-31:focus {
    font-size: 16px;
  }
}

.emotion-33 {
  font-family: GT Pressura Web,Arial Narrow,Arial,sans-serif;
  font-size: 1.2rem;
  line-height: 1;
  z-index: 1;
}

.emotion-36 {
  -webkit-appearance: none;
  -moz-appearance: none;
  appearance: none;
  background: transparent;
  border: none;
  box-sizing: border-box;
  color: inherit;
  cursor: pointer;
  display: -webkit-box;
  display: -webkit-flex;
  display: -ms-flexbox;
  display: flex;
  font: inherit;
  -webkit-letter-spacing: .24em;
  -moz-letter-spacing: .24em;
  -ms-letter-spacing: .24em;
  letter-spacing: .24em;
  line-height: 4rem;
  margin: 0;
  max-height: 4.4rem;
  opacity: 1;
  overflow: hidden;
  padding: 0;
  text-transform: uppercase;
  -webkit-transition-property: opacity;
  transition-property: opacity;
  width: auto;
  -moz-osx-font-smoothing: inherit;
  -webkit-appearance: none;
  -moz-appearance: none;
  appearance: none;
  -webkit-font-smoothing: inherit;
  -webkit-backface-visibility: hidden;
  background-color: #3150A2;
  border: 0.2rem solid #3150A2;
  color: #FFFFFF;
  font-family: GT Pressura Web,Arial Narrow,Arial,sans-serif;
  font-size: 1.2rem;
  -webkit-transition-duration: 400ms;
  transition-duration: 400ms;
  -webkit-transition-timing-function: cubic-bezier(0.390,0.575,0.565,1.000);
  transition-timing-function: cubic-bezier(0.390,0.575,0.565,1.000);
  border: 0;
  height: 32px;
  overflow: visible;
  position: absolute;
  right: 0;
  top: 6px;
  width: 32px;
  z-index: 2;
}

.emotion-36:active {
  outline: 0;
}

.emotion-36:hover {
  opacity: 0.75;
}

.emotion-36[disabled] {
  cursor: not-allowed;
  opacity: .5;
}

.emotion-36 svg {
  width: 4rem;
  height: 4rem;
}

.emotion-36 svg {
  fill: transparent;
  height: 27px;
  stroke-width: 4;
  stroke: #fff;
  width: 27px;
}

.emotion-36 svg path {
  -webkit-transform: translate3d(0,0,0);
  -ms-transform: translate3d(0,0,0);
  transform: translate3d(0,0,0);
}

.emotion-36:hover:not(:disabled) svg path {
  -webkit-animation: arrow-head;
  animation: arrow-head;
  -webkit-animation-duration: 600ms;
  animation-duration: 600ms;
  -webkit-animation-timing-function: cubic-bezier(0.15,0.8,0.3,1.2);
  animation-timing-function: cubic-bezier(0.15,0.8,0.3,1.2);
  -webkit-animation-delay: 0s;
  animation-delay: 0s;
  -webkit-animation-iteration-count: 1;
  animation-iteration-count: 1;
  -webkit-animation-direction: normal;
  animation-direction: normal;
  -webkit-animation-fill-mode: forwards;
  animation-fill-mode: forwards;
  -webkit-animation-play-state: running;
  animation-play-state: running;
}

.emotion-36:disabled {
  opacity: 1;
}

<div>
    <main
      class="emotion-0 emotion-1"
      data-test-id="Component"
      style="overflow: auto;"
    >
      <button
        aria-label="close modal"
        class="emotion-2 emotion-3 emotion-4"
        id="close-modal"
        type="button"
      >
        <svg
          class="emotion-5 emotion-6"
          data-test-id="Icon"
        />
      </button>
      <div
        class="emotion-7 emotion-8"
        data-test-id="Content"
      >
        <section
          class="emotion-9 emotion-10"
          data-test-id="SubscribePrompt"
        >
          <div
            class="emotion-11 emotion-12"
          >
            <div
              class="emotion-13 emotion-14"
            >
              <figure
                class="emotion-15 emotion-16"
              >
                <img
                  alt="Boy holding oversized envelope"
                  src="https://assets.stg.env.maisonette.com/images/email-subscription.png"
                  srcset="
                        https://assets.stg.env.maisonette.com/images/email-subscription-2x.png 2x,
                        https://assets.stg.env.maisonette.com/images/email-subscription-3x.png 3x
                      "
                />
              </figure>
            </div>
            <h1
              class="emotion-17 emotion-18"
            >
              Let's Be Email Buddies
            </h1>
            <p
              class="emotion-19 emotion-20"
            >
              Sign up now to get
              <span
                class="emotion-21 emotion-22"
              >
                 10% off your first order*
              </span>
              , curated edits, first access to sales, and content roundups from LeScoop.
            </p>
            <p
              class="emotion-23 emotion-20"
            >
              *When you spend $75+, Exclusions Apply
            </p>
            <form
              action="#"
              data-test-id="SubscribeListInput"
            >
              <div
                class="emotion-25 emotion-26"
              >
                <div
                  class=" emotion-27 emotion-28 emotion-29"
                  data-test-id="InputWrapper"
                >
                  <input
                    autocomplete="email"
                    class="emotion-30 emotion-31 emotion-32"
                    data-test-id="InputEmail"
                    id="subscribe-list-email"
                    name="email"
                    placeholder=" "
                    type="email"
                    value=""
                  />
                  <label
                    class="emotion-33 emotion-34"
                    for="subscribe-list-email"
                  >
                    Email Address
                  </label>
                </div>
                <button
                  aria-label="submit join subscribe list"
                  class="emotion-35 emotion-36 emotion-4"
                  type="submit"
                >
                  <svg
                    class="emotion-5 emotion-39"
                    data-test-id="Icon"
                  />
                </button>
              </div>
            </form>
          </div>
        </section>
      </div>
    </main>
  </div>,
  "debug": [Function],
  "findAllByAltText": [Function],
  "findAllByDisplayValue": [Function],
  "findAllByLabelText": [Function],
  "findAllByPlaceholderText": [Function],
  "findAllByRole": [Function],
  "findAllByTestId": [Function],
  "findAllByText": [Function],
  "findAllByTitle": [Function],
  "findByAltText": [Function],
  "findByDisplayValue": [Function],
  "findByLabelText": [Function],
  "findByPlaceholderText": [Function],
  "findByRole": [Function],
  "findByTestId": [Function],
  "findByText": [Function],
  "findByTitle": [Function],
  "getAllByAltText": [Function],
  "getAllByDisplayValue": [Function],
  "getAllByLabelText": [Function],
  "getAllByPlaceholderText": [Function],
  "getAllByRole": [Function],
  "getAllByTestId": [Function],
  "getAllByText": [Function],
  "getAllByTitle": [Function],
  "getByAltText": [Function],
  "getByDisplayValue": [Function],
  "getByLabelText": [Function],
  "getByPlaceholderText": [Function],
  "getByRole": [Function],
  "getByTestId": [Function],
  "getByText": [Function],
  "getByTitle": [Function],
  "queryAllByAltText": [Function],
  "queryAllByDisplayValue": [Function],
  "queryAllByLabelText": [Function],
  "queryAllByPlaceholderText": [Function],
  "queryAllByRole": [Function],
  "queryAllByTestId": [Function],
  "queryAllByText": [Function],
  "queryAllByTitle": [Function],
  "queryByAltText": [Function],
  "queryByDisplayValue": [Function],
  "queryByLabelText": [Function],
  "queryByPlaceholderText": [Function],
  "queryByRole": [Function],
  "queryByTestId": [Function],
  "queryByText": [Function],
  "queryByTitle": [Function],
  "rerender": [Function],
  "unmount": [Function],
}
`;
