// Jest Snapshot v1, https://goo.gl/fbAQLP

exports[`a home hero renders correctly 1`] = `
Object {
  "asFragment": [Function],
  "baseElement": .emotion-0 {
  position: relative;
  cursor: pointer;
}

@media (min-width:992px) {
  .emotion-0 {
    margin-bottom: 7.5rem;
  }

  .emotion-0:hover .emotion-10 {
    color: #9CB1DC;
    border-bottom-color: #9CB1DC;
  }
}

.emotion-2 {
  display: block;
  position: relative;
}

.emotion-2 img {
  height: auto;
  width: 100%;
  display: block;
}

.emotion-4 {
  display: -webkit-box;
  display: -webkit-flex;
  display: -ms-flexbox;
  display: flex;
  -webkit-flex-direction: column;
  -ms-flex-direction: column;
  flex-direction: column;
  -webkit-align-items: center;
  -webkit-box-align: center;
  -ms-flex-align: center;
  align-items: center;
}

@media (min-width:992px) {
  .emotion-4 {
    background: #FAEFD9;
    bottom: -7.5rem;
    height: 15rem;
    -webkit-box-pack: center;
    -webkit-justify-content: center;
    -ms-flex-pack: center;
    justify-content: center;
    left: 50%;
    max-width: 60rem;
    position: absolute;
    -webkit-transform: translateX(-50%);
    -ms-transform: translateX(-50%);
    transform: translateX(-50%);
    width: 100%;
  }
}

.emotion-6 {
  font-family: GT Walsheim Web,Helvetica,Trebuchet MS,sans-serif;
  font-size: 1.2rem;
  color: #3150A2;
}

.emotion-8 {
  font-family: Canela Web,Big Caslon,Times New Roman,Times,serif;
  font-size: 2.9297rem;
  color: #3150A2;
}

.emotion-11 {
  color: #3150A2;
  font-family: inherit;
  font-size: 1.2rem;
  -webkit-text-decoration: none;
  text-decoration: none;
  font-size: 1.2rem;
  font-family: GT Pressura Web,Arial Narrow,Arial,sans-serif;
  -webkit-letter-spacing: 0.25em;
  -moz-letter-spacing: 0.25em;
  -ms-letter-spacing: 0.25em;
  letter-spacing: 0.25em;
  line-height: 1.4rem;
  -webkit-text-decoration: none;
  text-decoration: none;
  text-transform: uppercase;
  padding-bottom: 0.8rem;
  border-bottom: 0.2rem solid #3150A2;
  cursor: pointer;
  -webkit-transition: all 200ms cubic-bezier(0.550,0.085,0.68,0.530);
  transition: all 200ms cubic-bezier(0.550,0.085,0.68,0.530);
}

.emotion-11:visited {
  color: #9CB1DC;
}

<body>
    <div>
      <section
        class="emotion-0 emotion-1"
      >
        <picture
          alt="best image in the world!"
          class="emotion-2 emotion-3"
          data-test-id="Picture"
        >
          <source
            data-srcset="
      https://assets.stg.env.maisonette.com/media/has4-v41u3/image-small-super-retina.jpeg2000 3x,
      https://assets.stg.env.maisonette.com/media/has4-v41u3/image-small-retina.jpeg2000 2x,
      https://assets.stg.env.maisonette.com/media/has4-v41u3/image-small.jpeg2000
    "
            media="(max-width: 767px)"
            type="image/jpeg2000"
          />
          <source
            data-srcset="
      https://assets.stg.env.maisonette.com/media/has4-v41u3/image-medium-super-retina.jpeg2000 3x,
      https://assets.stg.env.maisonette.com/media/has4-v41u3/image-medium-retina.jpeg2000 2x,
      https://assets.stg.env.maisonette.com/media/has4-v41u3/image-medium.jpeg2000
    "
            media="(min-width: 768px) and (max-width: 991px)"
            type="image/jpeg2000"
          />
          <source
            data-srcset="
      https://assets.stg.env.maisonette.com/media/has4-v41u3/image-large-super-retina.jpeg2000 3x,
      https://assets.stg.env.maisonette.com/media/has4-v41u3/image-large-retina.jpeg2000 2x,
      https://assets.stg.env.maisonette.com/media/has4-v41u3/image-large.jpeg2000
    "
            media="(min-width: 992px)"
            type="image/jpeg2000"
          />
          <source
            data-srcset="
      https://assets.stg.env.maisonette.com/media/has4-v41u3/image-small-super-retina.webP 3x,
      https://assets.stg.env.maisonette.com/media/has4-v41u3/image-small-retina.webP 2x,
      https://assets.stg.env.maisonette.com/media/has4-v41u3/image-small.webP
    "
            media="(max-width: 767px)"
            type="image/webP"
          />
          <source
            data-srcset="
      https://assets.stg.env.maisonette.com/media/has4-v41u3/image-medium-super-retina.webP 3x,
      https://assets.stg.env.maisonette.com/media/has4-v41u3/image-medium-retina.webP 2x,
      https://assets.stg.env.maisonette.com/media/has4-v41u3/image-medium.webP
    "
            media="(min-width: 768px) and (max-width: 991px)"
            type="image/webP"
          />
          <source
            data-srcset="
      https://assets.stg.env.maisonette.com/media/has4-v41u3/image-large-super-retina.webP 3x,
      https://assets.stg.env.maisonette.com/media/has4-v41u3/image-large-retina.webP 2x,
      https://assets.stg.env.maisonette.com/media/has4-v41u3/image-large.webP
    "
            media="(min-width: 992px)"
            type="image/webP"
          />
          <source
            data-srcset="
      https://assets.stg.env.maisonette.com/media/has4-v41u3/image-small-super-retina.jpeg 3x,
      https://assets.stg.env.maisonette.com/media/has4-v41u3/image-small-retina.jpeg 2x,
      https://assets.stg.env.maisonette.com/media/has4-v41u3/image-small.jpeg
    "
            media="(max-width: 767px)"
            type="image/jpeg"
          />
          <source
            data-srcset="
      https://assets.stg.env.maisonette.com/media/has4-v41u3/image-medium-super-retina.jpeg 3x,
      https://assets.stg.env.maisonette.com/media/has4-v41u3/image-medium-retina.jpeg 2x,
      https://assets.stg.env.maisonette.com/media/has4-v41u3/image-medium.jpeg
    "
            media="(min-width: 768px) and (max-width: 991px)"
            type="image/jpeg"
          />
          <source
            data-srcset="
      https://assets.stg.env.maisonette.com/media/has4-v41u3/image-large-super-retina.jpeg 3x,
      https://assets.stg.env.maisonette.com/media/has4-v41u3/image-large-retina.jpeg 2x,
      https://assets.stg.env.maisonette.com/media/has4-v41u3/image-large.jpeg
    "
            media="(min-width: 992px)"
            type="image/jpeg"
          />
          <img
            alt="best image in the world!"
            class="lazyload"
            data-src="https://assets.stg.env.maisonette.com/media/has4-v41u3/image-large.jpeg"
            data-test-id="defaultImage"
            src="data:image/png;base64,iVBORw0KGgoAAAANSUhEUgAAAAEAAAABCAQAAAC1HAwCAAAAC0lEQVR42mNkYAAAAAYAAjCB0C8AAAAASUVORK5CYII="
          />
        </picture>
        <div
          class="emotion-4 emotion-5"
        >
          <h2
            class="emotion-6 emotion-7"
          >
            Just In
          </h2>
          <h1
            class="emotion-8 emotion-9"
          >
            Kid's Street Style
          </h1>
          <a
            class=" emotion-10 emotion-11 emotion-12"
            href="/t/edits/kids-street-style"
          >
            Shop Now
          </a>
        </div>
      </section>
    </div>
  </body>,
  "container": .emotion-0 {
  position: relative;
  cursor: pointer;
}

@media (min-width:992px) {
  .emotion-0 {
    margin-bottom: 7.5rem;
  }

  .emotion-0:hover .emotion-10 {
    color: #9CB1DC;
    border-bottom-color: #9CB1DC;
  }
}

.emotion-2 {
  display: block;
  position: relative;
}

.emotion-2 img {
  height: auto;
  width: 100%;
  display: block;
}

.emotion-4 {
  display: -webkit-box;
  display: -webkit-flex;
  display: -ms-flexbox;
  display: flex;
  -webkit-flex-direction: column;
  -ms-flex-direction: column;
  flex-direction: column;
  -webkit-align-items: center;
  -webkit-box-align: center;
  -ms-flex-align: center;
  align-items: center;
}

@media (min-width:992px) {
  .emotion-4 {
    background: #FAEFD9;
    bottom: -7.5rem;
    height: 15rem;
    -webkit-box-pack: center;
    -webkit-justify-content: center;
    -ms-flex-pack: center;
    justify-content: center;
    left: 50%;
    max-width: 60rem;
    position: absolute;
    -webkit-transform: translateX(-50%);
    -ms-transform: translateX(-50%);
    transform: translateX(-50%);
    width: 100%;
  }
}

.emotion-6 {
  font-family: GT Walsheim Web,Helvetica,Trebuchet MS,sans-serif;
  font-size: 1.2rem;
  color: #3150A2;
}

.emotion-8 {
  font-family: Canela Web,Big Caslon,Times New Roman,Times,serif;
  font-size: 2.9297rem;
  color: #3150A2;
}

.emotion-11 {
  color: #3150A2;
  font-family: inherit;
  font-size: 1.2rem;
  -webkit-text-decoration: none;
  text-decoration: none;
  font-size: 1.2rem;
  font-family: GT Pressura Web,Arial Narrow,Arial,sans-serif;
  -webkit-letter-spacing: 0.25em;
  -moz-letter-spacing: 0.25em;
  -ms-letter-spacing: 0.25em;
  letter-spacing: 0.25em;
  line-height: 1.4rem;
  -webkit-text-decoration: none;
  text-decoration: none;
  text-transform: uppercase;

  padding-bottom: 0.8rem;
  border-bottom: 0.2rem solid #3150A2;
  cursor: pointer;
  -webkit-transition: all 200ms cubic-bezier(0.550,0.085,0.68,0.530);
  transition: all 200ms cubic-bezier(0.550,0.085,0.68,0.530);
}

.emotion-11:visited {
  color: #9CB1DC;
}

<div>
    <section
      class="emotion-0 emotion-1"
    >
      <picture
        alt="best image in the world!"
        class="emotion-2 emotion-3"
        data-test-id="Picture"
      >
        <source
          data-srcset="
      https://assets.stg.env.maisonette.com/media/has4-v41u3/image-small-super-retina.jpeg2000 3x,
      https://assets.stg.env.maisonette.com/media/has4-v41u3/image-small-retina.jpeg2000 2x,
      https://assets.stg.env.maisonette.com/media/has4-v41u3/image-small.jpeg2000
    "
          media="(max-width: 767px)"
          type="image/jpeg2000"
        />
        <source
          data-srcset="
      https://assets.stg.env.maisonette.com/media/has4-v41u3/image-medium-super-retina.jpeg2000 3x,
      https://assets.stg.env.maisonette.com/media/has4-v41u3/image-medium-retina.jpeg2000 2x,
      https://assets.stg.env.maisonette.com/media/has4-v41u3/image-medium.jpeg2000
    "
          media="(min-width: 768px) and (max-width: 991px)"
          type="image/jpeg2000"
        />
        <source
          data-srcset="
      https://assets.stg.env.maisonette.com/media/has4-v41u3/image-large-super-retina.jpeg2000 3x,
      https://assets.stg.env.maisonette.com/media/has4-v41u3/image-large-retina.jpeg2000 2x,
      https://assets.stg.env.maisonette.com/media/has4-v41u3/image-large.jpeg2000
    "
          media="(min-width: 992px)"
          type="image/jpeg2000"
        />
        <source
          data-srcset="
      https://assets.stg.env.maisonette.com/media/has4-v41u3/image-small-super-retina.webP 3x,
      https://assets.stg.env.maisonette.com/media/has4-v41u3/image-small-retina.webP 2x,
      https://assets.stg.env.maisonette.com/media/has4-v41u3/image-small.webP
    "
          media="(max-width: 767px)"
          type="image/webP"
        />
        <source
          data-srcset="
      https://assets.stg.env.maisonette.com/media/has4-v41u3/image-medium-super-retina.webP 3x,
      https://assets.stg.env.maisonette.com/media/has4-v41u3/image-medium-retina.webP 2x,
      https://assets.stg.env.maisonette.com/media/has4-v41u3/image-medium.webP
    "
          media="(min-width: 768px) and (max-width: 991px)"
          type="image/webP"
        />
        <source
          data-srcset="
      https://assets.stg.env.maisonette.com/media/has4-v41u3/image-large-super-retina.webP 3x,
      https://assets.stg.env.maisonette.com/media/has4-v41u3/image-large-retina.webP 2x,
      https://assets.stg.env.maisonette.com/media/has4-v41u3/image-large.webP
    "
          media="(min-width: 992px)"
          type="image/webP"
        />
        <source
          data-srcset="
      https://assets.stg.env.maisonette.com/media/has4-v41u3/image-small-super-retina.jpeg 3x,
      https://assets.stg.env.maisonette.com/media/has4-v41u3/image-small-retina.jpeg 2x,
      https://assets.stg.env.maisonette.com/media/has4-v41u3/image-small.jpeg
    "
          media="(max-width: 767px)"
          type="image/jpeg"
        />
        <source
          data-srcset="
      https://assets.stg.env.maisonette.com/media/has4-v41u3/image-medium-super-retina.jpeg 3x,
      https://assets.stg.env.maisonette.com/media/has4-v41u3/image-medium-retina.jpeg 2x,
      https://assets.stg.env.maisonette.com/media/has4-v41u3/image-medium.jpeg
    "
          media="(min-width: 768px) and (max-width: 991px)"
          type="image/jpeg"
        />
        <source
          data-srcset="
      https://assets.stg.env.maisonette.com/media/has4-v41u3/image-large-super-retina.jpeg 3x,
      https://assets.stg.env.maisonette.com/media/has4-v41u3/image-large-retina.jpeg 2x,
      https://assets.stg.env.maisonette.com/media/has4-v41u3/image-large.jpeg
    "
          media="(min-width: 992px)"
          type="image/jpeg"
        />
        <img
          alt="best image in the world!"
          class="lazyload"
          data-src="https://assets.stg.env.maisonette.com/media/has4-v41u3/image-large.jpeg"
          data-test-id="defaultImage"
          src="data:image/png;base64,iVBORw0KGgoAAAANSUhEUgAAAAEAAAABCAQAAAC1HAwCAAAAC0lEQVR42mNkYAAAAAYAAjCB0C8AAAAASUVORK5CYII="
        />
      </picture>
      <div
        class="emotion-4 emotion-5"
      >
        <h2
          class="emotion-6 emotion-7"
        >
          Just In
        </h2>
        <h1
          class="emotion-8 emotion-9"
        >

          Kid's Street Style
        </h1>
        <a
          class=" emotion-10 emotion-11 emotion-12"
          href="/t/edits/kids-street-style"
        >
          Shop Now
        </a>
      </div>
    </section>
  </div>,
  "debug": [Function],
  "findAllByAltText": [Function],
  "findAllByDisplayValue": [Function],
  "findAllByLabelText": [Function],
  "findAllByPlaceholderText": [Function],
  "findAllByRole": [Function],
  "findAllByTestId": [Function],
  "findAllByText": [Function],
  "findAllByTitle": [Function],
  "findByAltText": [Function],
  "findByDisplayValue": [Function],
  "findByLabelText": [Function],
  "findByPlaceholderText": [Function],
  "findByRole": [Function],
  "findByTestId": [Function],
  "findByText": [Function],
  "findByTitle": [Function],
  "getAllByAltText": [Function],
  "getAllByDisplayValue": [Function],
  "getAllByLabelText": [Function],
  "getAllByPlaceholderText": [Function],
  "getAllByRole": [Function],
  "getAllByTestId": [Function],
  "getAllByText": [Function],
  "getAllByTitle": [Function],
  "getByAltText": [Function],
  "getByDisplayValue": [Function],
  "getByLabelText": [Function],
  "getByPlaceholderText": [Function],
  "getByRole": [Function],
  "getByTestId": [Function],
  "getByText": [Function],
  "getByTitle": [Function],
  "queryAllByAltText": [Function],
  "queryAllByDisplayValue": [Function],
  "queryAllByLabelText": [Function],
  "queryAllByPlaceholderText": [Function],
  "queryAllByRole": [Function],
  "queryAllByTestId": [Function],
  "queryAllByText": [Function],
  "queryAllByTitle": [Function],
  "queryByAltText": [Function],
  "queryByDisplayValue": [Function],
  "queryByLabelText": [Function],
  "queryByPlaceholderText": [Function],
  "queryByRole": [Function],
  "queryByTestId": [Function],
  "queryByText": [Function],
  "queryByTitle": [Function],
  "rerender": [Function],
  "unmount": [Function],
}
`;
