// Jest Snapshot v1, https://goo.gl/fbAQLP

exports[`a order product card renders correctly 1`] = `
Object {
  "asFragment": [Function],
  "baseElement": .emotion-0 {
  border-top: 1px solid #9CB1DC;
  display: grid;
  grid-template-areas: "image info price";
  grid-template-columns: auto 1fr auto;
  padding: 1.5rem 0;
}

.emotion-0:first-of-type {
  border-top: 0 none;
}

.emotion-2 {
  display: block;
  grid-area: image;
  height: 6.5rem;
  width: 6.5rem;
}

.emotion-4 {
  grid-area: info;
  padding: 0 1.5rem;
}

.emotion-6 {
  display: -webkit-box;
  display: -webkit-flex;
  display: -ms-flexbox;
  display: flex;
  -webkit-flex-direction: column;
  -ms-flex-direction: column;
  flex-direction: column;
}

.emotion-6>a {
  -webkit-align-self: flex-start;
  -ms-flex-item-align: start;
  align-self: flex-start;
}

.emotion-8 {
  font-family: GT Walsheim Web,Helvetica,Trebuchet MS,sans-serif;
  font-size: 1.2rem;
  color: #5971B4;
  display: inline-block;
  line-height: 2rem;
  -webkit-text-decoration: none;
  text-decoration: none;
}

.emotion-10 {
  font-family: GT Walsheim Web,Helvetica,Trebuchet MS,sans-serif;
  font-size: 1.2rem;
  color: #3150A2;
  display: inline-block;
  line-height: 1.5;
  -webkit-text-decoration: none;
  text-decoration: none;
}

.emotion-12 {
  display: -webkit-box;
  display: -webkit-flex;
  display: -ms-flexbox;
  display: flex;
  -webkit-flex-direction: row;
  -ms-flex-direction: row;
  flex-direction: row;
}

.emotion-12 .emotion-15:first-of-type {
  margin-right: 1.5rem;
}

.emotion-14 {
  font-family: GT Walsheim Web,Helvetica,Trebuchet MS,sans-serif;
  font-size: 1.2rem;
  color: #9CB1DC;
}

.emotion-14>span {
  color: #3150A2;
}

.emotion-16 {
  font-family: GT Walsheim Web,Helvetica,Trebuchet MS,sans-serif;
  font-size: 1.2rem;
  color: #9CB1DC;
  grid-area: price;
}

<body>
    <div>
      <div
        class=" emotion-0 emotion-1"
        data-test-id="ReturnProductCard"
      >
        <img
          alt="\\"Artist\\" Storage Pillow, Olive/Charcoal"
          class="emotion-2 emotion-3"
          src="https://assets.stg.env.maisonette.com/spree/images/attachments/000/001/782/small/n2xrcuvghnlnvsub5qmj.jpg?1576231355"
        />
        <div
          class="emotion-4 emotion-5"
        >
          <div
            class=" emotion-6 emotion-7"
            data-test-id="order-product-title"
          >
            <a
              class="emotion-8 emotion-9"
              href="/brands/mimish"
            >
              Mimish
            </a>
            <a
              class="emotion-10 emotion-11"
              href="/product/artist-storage-pillow-olive-charcoal"
            >
              "Artist" Storage Pillow, Olive/Charcoal
            </a>
          </div>
          <span
            class="emotion-12 emotion-13"
          >
            <p
              class="emotion-14 emotion-15"
            >
              Size
              :
              OS
            </p>
          </span>
        </div>
        <p
          class="emotion-16 emotion-17"
        >
          $49.00
        </p>
      </div>
    </div>
  </body>,
  "container": .emotion-0 {
  border-top: 1px solid #9CB1DC;
  display: grid;
  grid-template-areas: "image info price";
  grid-template-columns: auto 1fr auto;
  padding: 1.5rem 0;
}

.emotion-0:first-of-type {
  border-top: 0 none;
}

.emotion-2 {
  display: block;
  grid-area: image;
  height: 6.5rem;
  width: 6.5rem;
}

.emotion-4 {
  grid-area: info;
  padding: 0 1.5rem;
}

.emotion-6 {
  display: -webkit-box;
  display: -webkit-flex;
  display: -ms-flexbox;
  display: flex;
  -webkit-flex-direction: column;
  -ms-flex-direction: column;
  flex-direction: column;
}

.emotion-6>a {
  -webkit-align-self: flex-start;
  -ms-flex-item-align: start;
  align-self: flex-start;
}

.emotion-8 {
  font-family: GT Walsheim Web,Helvetica,Trebuchet MS,sans-serif;
  font-size: 1.2rem;
  color: #5971B4;
  display: inline-block;
  line-height: 2rem;
  -webkit-text-decoration: none;
  text-decoration: none;
}

.emotion-10 {
  font-family: GT Walsheim Web,Helvetica,Trebuchet MS,sans-serif;
  font-size: 1.2rem;
  color: #3150A2;
  display: inline-block;
  line-height: 1.5;
  -webkit-text-decoration: none;
  text-decoration: none;
}

.emotion-12 {
  display: -webkit-box;
  display: -webkit-flex;
  display: -ms-flexbox;
  display: flex;
  -webkit-flex-direction: row;
  -ms-flex-direction: row;
  flex-direction: row;
}

.emotion-12 .emotion-15:first-of-type {
  margin-right: 1.5rem;
}

.emotion-14 {
  font-family: GT Walsheim Web,Helvetica,Trebuchet MS,sans-serif;
  font-size: 1.2rem;
  color: #9CB1DC;
}

.emotion-14>span {
  color: #3150A2;
}

.emotion-16 {
  font-family: GT Walsheim Web,Helvetica,Trebuchet MS,sans-serif;
  font-size: 1.2rem;
  color: #9CB1DC;
  grid-area: price;
}

<div>
    <div
      class=" emotion-0 emotion-1"
      data-test-id="ReturnProductCard"
    >
      <img
        alt="\\"Artist\\" Storage Pillow, Olive/Charcoal"
        class="emotion-2 emotion-3"
        src="https://assets.stg.env.maisonette.com/spree/images/attachments/000/001/782/small/n2xrcuvghnlnvsub5qmj.jpg?1576231355"
      />
      <div
        class="emotion-4 emotion-5"
      >
        <div
          class=" emotion-6 emotion-7"
          data-test-id="order-product-title"
        >
          <a
            class="emotion-8 emotion-9"
            href="/brands/mimish"
          >
            Mimish
          </a>
          <a
            class="emotion-10 emotion-11"
            href="/product/artist-storage-pillow-olive-charcoal"
          >
            "Artist" Storage Pillow, Olive/Charcoal
          </a>
        </div>
        <span
          class="emotion-12 emotion-13"
        >
          <p
            class="emotion-14 emotion-15"
          >
            Size
            :
            OS
          </p>
        </span>
      </div>
      <p
        class="emotion-16 emotion-17"
      >
        $49.00
      </p>
    </div>
  </div>,
  "debug": [Function],
  "findAllByAltText": [Function],
  "findAllByDisplayValue": [Function],
  "findAllByLabelText": [Function],
  "findAllByPlaceholderText": [Function],
  "findAllByRole": [Function],
  "findAllByTestId": [Function],
  "findAllByText": [Function],
  "findAllByTitle": [Function],
  "findByAltText": [Function],
  "findByDisplayValue": [Function],
  "findByLabelText": [Function],
  "findByPlaceholderText": [Function],
  "findByRole": [Function],
  "findByTestId": [Function],
  "findByText": [Function],
  "findByTitle": [Function],
  "getAllByAltText": [Function],
  "getAllByDisplayValue": [Function],
  "getAllByLabelText": [Function],
  "getAllByPlaceholderText": [Function],
  "getAllByRole": [Function],
  "getAllByTestId": [Function],
  "getAllByText": [Function],
  "getAllByTitle": [Function],
  "getByAltText": [Function],
  "getByDisplayValue": [Function],
  "getByLabelText": [Function],
  "getByPlaceholderText": [Function],
  "getByRole": [Function],
  "getByTestId": [Function],
  "getByText": [Function],
  "getByTitle": [Function],
  "queryAllByAltText": [Function],
  "queryAllByDisplayValue": [Function],
  "queryAllByLabelText": [Function],
  "queryAllByPlaceholderText": [Function],
  "queryAllByRole": [Function],
  "queryAllByTestId": [Function],
  "queryAllByText": [Function],
  "queryAllByTitle": [Function],
  "queryByAltText": [Function],
  "queryByDisplayValue": [Function],
  "queryByLabelText": [Function],
  "queryByPlaceholderText": [Function],
  "queryByRole": [Function],
  "queryByTestId": [Function],
  "queryByText": [Function],
  "queryByTitle": [Function],
  "rerender": [Function],
  "unmount": [Function],
}
`;
