// Jest Snapshot v1, https://goo.gl/fbAQLP

exports[`a video renders correctly 1`] = `
.emotion-0 .yt-video {
    position: relative;
  max-width: 100%;
  height: 0;
  padding-top: 56.25%;
  overflow: hidden;
  display: block;
}

.emotion-0 .yt-video iframe {
  position: absolute;
  top: 0;
  left: 0;
  width: 100%;
  height: 100%;
}

<div>
  <div
    class="emotion-0 emotion-1"
    data-test-id="Video"
  >
    <div
      class="yt-video"
    >
      <div
        class="yt-frame"
      />
    </div>
  </div>
</div>
`;
